/dev/mmcblk0p1 : start=          34, size=        1536, type=DEA0BA2C-CBDD-4805-B4F9-F428251C3E98, uuid=76956397-A5CA-ABCF-CFFF-49DA1C1C1BE8, name="0:SBL1"
/dev/mmcblk0p2 : start=        1570, size=         512, type=2B7D04FF-31F0-4E6A-BE9A-DA50314DAD58, uuid=7BA9C6DE-CA09-2821-690A-64095242D2A0, name="0:BOOTCONFIG"
/dev/mmcblk0p3 : start=        2082, size=         512, type=7BD25378-5C39-11E5-8A77-40A8F05F1418, uuid=1A1ED8DB-F385-E8E6-9C74-E18D77BD489B, name="0:BOOTCONFIG1"
/dev/mmcblk0p4 : start=        2594, size=        3584, type=A053AA7F-40B8-4B1C-BA08-2F68AC71A4F4, uuid=60F4EDA8-3AAD-0876-E16A-85254A9FD2A0, name="0:QSEE"
/dev/mmcblk0p5 : start=        6178, size=        3584, type=A6DD74A1-C8BF-4DBC-AE39-62B8E78C4038, uuid=0CBB89B7-6322-4F98-2A36-C86B2161E82D, name="0:QSEE_1"
/dev/mmcblk0p6 : start=        9762, size=         512, type=F65D4B16-343D-4E25-AAFC-BE99B6556A6D, uuid=3871EEB7-FFD8-DA0B-C61A-3B98B877A59E, name="0:DEVCFG"
/dev/mmcblk0p7 : start=       10274, size=         512, type=48BFA451-9443-46F7-B400-892A6B1BFC16, uuid=4D84D3C2-4B7E-026A-3859-9399E060FD5B, name="0:DEVCFG_1"
/dev/mmcblk0p8 : start=       10786, size=         512, type=098DF793-D712-413D-9D4E-89D711772228, uuid=AD59F4D5-EF22-0F8F-08EB-E52BE4D4FD62, name="0:RPM"
/dev/mmcblk0p9 : start=       11298, size=         512, type=2D2BE762-890B-11E5-AAF3-40A8F05F1418, uuid=0315721B-068C-C728-8F13-B5154FE16902, name="0:RPM_1"
/dev/mmcblk0p10 : start=       11810, size=         512, type=A19F205F-CCD8-4B6D-8F1E-2D9BC24CFFB1, uuid=55D84BA7-7AFE-068E-F02B-2B67DD330510, name="0:CDT"
/dev/mmcblk0p11 : start=       12322, size=         512, type=7A795379-C250-4282-A2C7-FC4E13F4A43D, uuid=8D32C906-B4E5-28BC-3050-5BE0A3401B36, name="0:CDT_1"
/dev/mmcblk0p12 : start=       12834, size=         512, type=300FFDCD-22E0-47E7-9A23-F16ED9382387, uuid=A65238ED-379F-52E9-F01A-0E45A12D9DA4, name="0:APPSBLENV"
/dev/mmcblk0p13 : start=       13346, size=        1280, type=400FFDCD-22E0-47E7-9A23-F16ED9382388, uuid=88236518-8902-2ECF-6BFB-A33684F1FEA0, name="0:APPSBL"
/dev/mmcblk0p14 : start=       14626, size=        1280, type=C126787D-3EEF-444C-9E43-FEFF3F103E22, uuid=37A1760E-FEA6-1E41-3446-9F4B78492B4C, name="0:APPSBL_1"
/dev/mmcblk0p15 : start=       15906, size=         512, type=A72E50C1-D37C-429D-9620-35FCA612B9A8, uuid=E0AB46B9-B259-2644-58D6-5EDD6F28E130, name="0:ART"
/dev/mmcblk0p16 : start=       16418, size=       12288, type=B51F2982-3EBE-46DE-8721-EE641E1F9997, uuid=8A64C084-9D78-BC87-1438-CBEB2DD343EE, name="0:HLOS"
/dev/mmcblk0p17 : start=       28706, size=       12288, type=A71DA577-7F81-4626-B4A2-E377F9174525, uuid=486078F8-BAEC-2466-2DC0-4E4D197F4440, name="0:HLOS_1"
/dev/mmcblk0p18 : start=       40994, size=      122880, type=98D2248D-7140-449F-A954-39D67BD6C3B4, uuid=39677E50-19F8-F4E2-71C0-8998C27E4B12, name="rootfs"
/dev/mmcblk0p19 : start=      163874, size=        8192, type=888D8069-8D27-40A8-95A9-6006E1CE9B3B, uuid=D1F6197D-BC9B-8F34-3D34-867F2A94C20A, name="0:WIFIFW"
/dev/mmcblk0p20 : start=      172066, size=      122880, type=5647B280-DC2A-485D-9913-CF53AC40FA32, uuid=8821DC34-DA76-D18D-5141-7ED3C9C988D8, name="rootfs_1"
/dev/mmcblk0p21 : start=      294946, size=        8192, type=981476F5-5CD7-42DB-9CE9-87B3A31AADBD, uuid=0665F737-3484-6A78-51FB-F5BC008DEE0D, name="0:WIFIFW_1"
/dev/mmcblk0p22 : start=      303138, size=       40960, type=AB1760DA-A8BB-4D6F-98D2-9AD3AB9009CD, uuid=A3C6191B-5E4B-9895-6289-886424D7A8CA, name="rootfs_data"
/dev/mmcblk0p23 : start=      344098, size=        1024, type=C1DC4CAB-430B-4CDC-A8C5-7115912B74FE, uuid=4A60B8D4-5F17-C1EB-5EA8-ADA9A8FC0A9D, name="0:ETHPHYFW"
/dev/mmcblk0p24 : start=      345122, size=      179200, type=5627B780-DC4A-415D-9913-CF54AC40FA52, uuid=4856F760-73F1-4DB4-D89D-1EAAE564BB24, name="plugin"
/dev/mmcblk0p25 : start=      524322, size=      614400, type=1B1760DA-A82B-4B6F-92D2-0A93AC9601CA, uuid=380A410E-0479-ABB6-37F7-0C792C436EF2, name="log"
/dev/mmcblk0p26 : start=     1138722, size=     1048576, type=3B19202A-A8DB-4B6F-92D2-0A03AB9609C3, uuid=DA210AAB-3FDF-2640-F432-4C604371906B, name="swap"
/dev/mmcblk0p27 : start=     2187298, size=   117596093, type=1B1720DA-A8BB-4B6F-92D2-0A93AB9609CA, uuid=CEB8ABFC-7258-FE04-17AE-6E699579E38F, name="storage"
